// Jest Snapshot v1, https://goo.gl/fbAQLP

exports[`Should render EditExpensePage correctly. 1`] = `
<div>
  <h1
    className="ma4"
  >
    View/Edit An Expense
  </h1>
  <ExpenseForm
    expense={
      Object {
        "amount": 195,
        "createdAt": 0,
        "description": "Gum",
        "id": "1",
        "note": "",
      }
    }
    onSubmit={[Function]}
  />
  <button
    className="button remove"
    onClick={[Function]}
  >
    Remove
  </button>
</div>
`;
