// Jest Snapshot v1, https://goo.gl/fbAQLP

exports[`Should render Header correctly. 1`] = `
<header
  className="header"
>
  <Link
    className="header__title"
    to="/dashboard"
  >
    <h1>
      Expensify
    </h1>
  </Link>
  <button
    className="header__button"
    onClick={[MockFunction]}
  >
    Logout
  </button>
</header>
`;
